=== 2025-06-12 22:29:37 ===
REQUEST_METHOD: POST
Raw input: {"items":[{"bookId":30,"title":"Absalom, Absalom!","author":"William Faulkner","imageLink":"images/absalom-absalom.jpg","price":15.99,"quantity":1}],"shipping":{"firstName":"zwe","lastName":"Zwe","email":"zwehtetzaw777@gmail.com","address":"千葉市中央区千葉寺町705番地14ハイブリッジ千葉寺２０２号","city":"Chiba","state":"Chiba Prefecture","zip":"2600844","phone":"+601153048339"},"payment":{"method":"paypal","email":"zwehtetzaw777@gmail.com","transactionId":"PP-Q1SAL6LD5"},"subtotal":15.99,"shippingCost":5.99,"total":21.98,"userId":2}

=== 2025-06-12 22:31:28 ===
REQUEST_METHOD: POST
Raw input: {"items":[{"bookId":30,"title":"Absalom, Absalom!","author":"William Faulkner","imageLink":"images/absalom-absalom.jpg","price":15.99,"quantity":1}],"shipping":{"firstName":"zwe","lastName":"zwe","email":"zwehtetzaw777@gmail.com","address":"千葉市中央区千葉寺町705番地14ハイブリッジ千葉寺２０２号","city":"Chiba","state":"Chiba Prefecture","zip":"2600844","phone":"+601153048339"},"payment":{"method":"paypal","email":"zwehtetzaw777@gmail.com","transactionId":"PP-97HAN23TM"},"subtotal":15.99,"shippingCost":5.99,"total":21.98,"userId":2}

=== 2025-06-12 22:31:28 ===
REQUEST_METHOD: GET
Raw input: 

=== 2025-06-12 22:35:46 ===
REQUEST_METHOD: POST
Raw input: {"items":[{"bookId":45,"title":"A Doll's House","author":"Henrik Ibsen","imageLink":"images/a-Dolls-house.jpg","price":9.99,"quantity":1}],"shipping":{"firstName":"zwe","lastName":"zwe","email":"zwehtetzaw777@gmail.com","address":"千葉市中央区千葉寺町705番地14ハイブリッジ千葉寺２０２号","city":"Chiba","state":"Chiba Prefecture","zip":"2600844","phone":"+601153048339"},"payment":{"method":"paypal","email":"zwehtetzaw777@gmail.com","transactionId":"PP-QQJNNAOX7"},"subtotal":9.99,"shippingCost":5.99,"total":15.98,"userId":2}

=== 2025-06-12 22:35:46 ===
REQUEST_METHOD: GET
Raw input: 

=== 2025-06-12 22:35:53 ===
REQUEST_METHOD: GET
Raw input: 

=== 2025-06-12 22:36:03 ===
REQUEST_METHOD: GET
Raw input: 

=== 2025-06-12 22:36:06 ===
REQUEST_METHOD: GET
Raw input: 

=== 2025-06-12 22:36:35 ===
REQUEST_METHOD: GET
Raw input: 

=== 2025-06-12 22:36:36 ===
REQUEST_METHOD: GET
Raw input: 

=== 2025-06-12 22:36:37 ===
REQUEST_METHOD: GET
Raw input: 

=== 2025-06-12 22:36:40 ===
REQUEST_METHOD: GET
Raw input: 

=== 2025-06-12 22:36:46 ===
REQUEST_METHOD: GET
Raw input: 

=== 2025-06-12 22:36:49 ===
REQUEST_METHOD: GET
Raw input: 

=== 2025-06-12 22:36:50 ===
REQUEST_METHOD: GET
Raw input: 

=== 2025-06-12 22:36:52 ===
REQUEST_METHOD: GET
Raw input: 

=== 2025-06-12 22:36:53 ===
REQUEST_METHOD: GET
Raw input: 

=== 2025-06-12 22:36:56 ===
REQUEST_METHOD: GET
Raw input: 

=== 2025-06-12 22:36:58 ===
REQUEST_METHOD: GET
Raw input: 

=== 2025-06-12 22:36:59 ===
REQUEST_METHOD: GET
Raw input: 

=== 2025-06-12 22:39:29 ===
REQUEST_METHOD: GET
Raw input: 

=== 2025-06-12 22:41:40 ===
REQUEST_METHOD: GET
Raw input: 

=== 2025-06-12 22:41:45 ===
REQUEST_METHOD: GET
Raw input: 

=== 2025-06-12 22:41:47 ===
REQUEST_METHOD: GET
Raw input: 

=== 2025-06-12 22:43:37 ===
REQUEST_METHOD: GET
Raw input: 

=== 2025-06-12 22:43:40 ===
REQUEST_METHOD: GET
Raw input: 

=== 2025-06-12 22:43:45 ===
REQUEST_METHOD: GET
Raw input: 

=== 2025-06-12 22:43:52 ===
REQUEST_METHOD: GET
Raw input: 

=== 2025-06-12 22:44:57 ===
REQUEST_METHOD: POST
Raw input: {"items":[{"bookId":90,"title":"Anna Karenina","author":"Leo Tolstoy","imageLink":"images/anna-karenina.jpg","price":24.99,"quantity":1}],"shipping":{"firstName":"zwe","lastName":"zwe","email":"zwehtetzaw777@gmail.com","address":"千葉市中央区千葉寺町705番地14ハイブリッジ千葉寺２０２号","city":"Chiba","state":"Chiba Prefecture","zip":"2600844","phone":"+601153048339"},"payment":{"method":"paypal","email":"zwehtetzaw777@gmail.com","transactionId":"PP-VO6A6ZR29"},"subtotal":24.99,"shippingCost":5.99,"total":30.979999999999997,"userId":2}

=== 2025-06-12 22:44:57 ===
REQUEST_METHOD: GET
Raw input: 

=== 2025-06-12 22:44:59 ===
REQUEST_METHOD: GET
Raw input: 

=== 2025-06-12 22:51:54 ===
REQUEST_METHOD: GET
Raw input: 

=== 2025-06-12 22:52:01 ===
REQUEST_METHOD: GET
Raw input: 

=== 2025-06-12 22:52:03 ===
REQUEST_METHOD: GET
Raw input: 

=== 2025-06-12 22:52:05 ===
REQUEST_METHOD: GET
Raw input: 

=== 2025-06-12 22:52:07 ===
REQUEST_METHOD: GET
Raw input: 

=== 2025-06-12 22:52:27 ===
REQUEST_METHOD: GET
Raw input: 

=== 2025-06-12 22:52:28 ===
REQUEST_METHOD: GET
Raw input: 

=== 2025-06-12 22:52:29 ===
REQUEST_METHOD: GET
Raw input: 

=== 2025-06-12 22:53:18 ===
REQUEST_METHOD: GET
Raw input: 

=== 2025-06-12 22:53:21 ===
REQUEST_METHOD: GET
Raw input: 

=== 2025-06-12 22:56:43 ===
REQUEST_METHOD: GET
Raw input: 

=== 2025-06-12 22:58:30 ===
REQUEST_METHOD: GET
Raw input: 

=== 2025-06-12 22:58:30 ===
REQUEST_METHOD: GET
Raw input: 

=== 2025-06-12 23:00:47 ===
REQUEST_METHOD: GET
Raw input: 

=== 2025-06-12 23:07:48 ===
REQUEST_METHOD: GET
Raw input: 

=== 2025-06-12 23:10:44 ===
REQUEST_METHOD: GET
Raw input: 

=== 2025-06-12 23:11:07 ===
REQUEST_METHOD: GET
Raw input: 

=== 2025-06-12 23:11:07 ===
REQUEST_METHOD: GET
Raw input: 

=== 2025-06-12 23:45:55 ===
REQUEST_METHOD: GET
Raw input: 

=== 2025-06-12 23:45:59 ===
REQUEST_METHOD: GET
Raw input: 

=== 2025-06-12 23:50:52 ===
REQUEST_METHOD: GET
Raw input: 

=== 2025-06-12 23:53:25 ===
REQUEST_METHOD: GET
Raw input: 

=== 2025-06-12 23:54:29 ===
REQUEST_METHOD: GET
Raw input: 

=== 2025-06-12 23:54:35 ===
REQUEST_METHOD: GET
Raw input: 

=== 2025-06-12 23:54:41 ===
REQUEST_METHOD: GET
Raw input: 

=== 2025-06-12 23:54:47 ===
REQUEST_METHOD: GET
Raw input: 

=== 2025-06-12 23:55:02 ===
REQUEST_METHOD: GET
Raw input: 

=== 2025-06-12 23:55:03 ===
REQUEST_METHOD: GET
Raw input: 

=== 2025-06-13 00:00:45 ===
REQUEST_METHOD: GET
Raw input: 

=== 2025-06-13 00:00:51 ===
REQUEST_METHOD: GET
Raw input: 

=== 2025-06-13 00:01:03 ===
REQUEST_METHOD: GET
Raw input: 

=== 2025-06-13 00:01:08 ===
REQUEST_METHOD: GET
Raw input: 

=== 2025-06-13 00:01:14 ===
REQUEST_METHOD: GET
Raw input: 

=== 2025-06-13 00:02:21 ===
REQUEST_METHOD: GET
Raw input: 

=== 2025-06-13 00:02:22 ===
REQUEST_METHOD: GET
Raw input: 

=== 2025-06-13 00:05:15 ===
REQUEST_METHOD: GET
Raw input: 

=== 2025-06-13 00:05:31 ===
REQUEST_METHOD: GET
Raw input: 

=== 2025-06-13 00:09:03 ===
REQUEST_METHOD: GET
Raw input: 

=== 2025-06-13 00:09:47 ===
REQUEST_METHOD: GET
Raw input: 

=== 2025-06-13 00:09:48 ===
REQUEST_METHOD: GET
Raw input: 

=== 2025-06-13 00:09:51 ===
REQUEST_METHOD: GET
Raw input: 

=== 2025-06-13 00:09:52 ===
REQUEST_METHOD: GET
Raw input: 

=== 2025-06-13 00:09:53 ===
REQUEST_METHOD: GET
Raw input: 

=== 2025-06-13 00:10:08 ===
REQUEST_METHOD: GET
Raw input: 

=== 2025-06-13 00:10:56 ===
REQUEST_METHOD: GET
Raw input: 

=== 2025-06-13 00:10:57 ===
REQUEST_METHOD: GET
Raw input: 

=== 2025-06-13 00:11:32 ===
REQUEST_METHOD: POST
Raw input: {"items":[{"bookId":80,"title":"Blindness","author":"José Saramago","imageLink":"images/blindness.jpg","price":15.99,"quantity":1}],"shipping":{"firstName":"zwe","lastName":"zwe","email":"zwehtetzaw777@gmail.com","address":"千葉市中央区千葉寺町705番地14ハイブリッジ千葉寺２０２号","city":"Chiba","state":"Chiba Prefecture","zip":"2600844","phone":"+601153048339"},"payment":{"method":"paypal","email":"zwehtetzaw777@gmail.com","transactionId":"PP-SVZ5G84HC"},"subtotal":15.99,"shippingCost":5.99,"total":21.98,"userId":2}

=== 2025-06-13 00:11:32 ===
REQUEST_METHOD: GET
Raw input: 

=== 2025-06-13 00:11:41 ===
REQUEST_METHOD: GET
Raw input: 

=== 2025-06-13 00:13:16 ===
REQUEST_METHOD: GET
Raw input: 

=== 2025-06-13 00:14:32 ===
REQUEST_METHOD: GET
Raw input: 

=== 2025-06-13 00:16:59 ===
REQUEST_METHOD: POST
Raw input: {"items":[{"bookId":30,"title":"Absalom, Absalom!","author":"William Faulkner","imageLink":"images/absalom-absalom.jpg","price":15.99,"quantity":1}],"shipping":{"firstName":"zwe","lastName":"zwe","email":"zwehtetzaw777@gmail.com","address":"千葉市中央区千葉寺町705番地14ハイブリッジ千葉寺２０２号","city":"Chiba","state":"Chiba Prefecture","zip":"2600844","phone":"+601153048339"},"payment":{"method":"paypal","email":"zwehtetzaw777@gmail.com","transactionId":"PP-938F7Y7GU"},"subtotal":15.99,"shippingCost":5.99,"total":21.98,"userId":1}

=== 2025-06-13 00:16:59 ===
REQUEST_METHOD: GET
Raw input: 

=== 2025-06-13 00:17:02 ===
REQUEST_METHOD: GET
Raw input: 

=== 2025-06-13 00:17:04 ===
REQUEST_METHOD: GET
Raw input: 

=== 2025-06-13 00:22:23 ===
REQUEST_METHOD: POST
Raw input: {"items":[{"bookId":22,"title":"Berlin Alexanderplatz","author":"Alfred Döblin","imageLink":"images/berlin-alexanderplatz.jpg","price":18.99,"quantity":1}],"shipping_address":"Zwe Htet Zaw\n千葉市中央区千葉寺町705番地14ハイブリッジ千葉寺２０２号\nChiba, Chiba Prefecture 2600844\nPhone: +601153048339","payment":{"method":"paypal","email":"zwehtetzaw777@gmail.com","transactionId":"PP-QZEJG3PQO"},"subtotal":18.99,"shipping_cost":5.99,"tax":1.5191999999999999,"total":26.4992,"email":"zwehtetzaw777@gmail.com","userId":1}

=== 2025-06-13 00:23:02 ===
REQUEST_METHOD: POST
Raw input: {"items":[{"bookId":22,"title":"Berlin Alexanderplatz","author":"Alfred Döblin","imageLink":"images/berlin-alexanderplatz.jpg","price":18.99,"quantity":1}],"shipping":{"firstName":"zwe","lastName":"zwe","email":"zwehtetzaw777@gmail.com","address":"千葉市中央区千葉寺町705番地14ハイブリッジ千葉寺２０２号","city":"Chiba","state":"Chiba Prefecture","zip":"2600844","phone":"+601153048339"},"payment":{"method":"paypal","email":"zwehtetzaw777@gmail.com","transactionId":"PP-W6J8UYHQ8"},"subtotal":18.99,"shippingCost":5.99,"total":24.979999999999997,"userId":1}

=== 2025-06-13 00:23:02 ===
REQUEST_METHOD: GET
Raw input: 

=== 2025-06-13 00:23:07 ===
REQUEST_METHOD: GET
Raw input: 

=== 2025-06-13 00:23:08 ===
REQUEST_METHOD: GET
Raw input: 

=== 2025-06-13 00:23:09 ===
REQUEST_METHOD: GET
Raw input: 

=== 2025-06-13 00:23:10 ===
REQUEST_METHOD: GET
Raw input: 

=== 2025-06-13 00:23:11 ===
REQUEST_METHOD: GET
Raw input: 

=== 2025-06-13 00:23:12 ===
REQUEST_METHOD: GET
Raw input: 

=== 2025-06-13 00:31:00 ===
REQUEST_METHOD: POST
Raw input: {"items":[{"bookId":30,"title":"Absalom, Absalom!","author":"William Faulkner","imageLink":"images/absalom-absalom.jpg","price":15.99,"quantity":1}],"shipping":{"firstName":"zwe","lastName":"zwe","email":"zwehtetzaw777@gmail.com","address":"千葉市中央区千葉寺町705番地14ハイブリッジ千葉寺２０２号","city":"Chiba","state":"Chiba Prefecture","zip":"2600844","phone":"+601153048339"},"payment":{"method":"paypal","email":"zwehtetzaw777@gmail.com","transactionId":"PP-YYYTF8N98"},"subtotal":15.99,"shippingCost":5.99,"total":21.98,"userId":1}

=== 2025-06-13 00:31:00 ===
REQUEST_METHOD: GET
Raw input: 

=== 2025-06-13 00:31:04 ===
REQUEST_METHOD: GET
Raw input: 

=== 2025-06-13 00:31:08 ===
REQUEST_METHOD: GET
Raw input: 

=== 2025-06-13 00:31:17 ===
REQUEST_METHOD: GET
Raw input: 

=== 2025-06-13 00:31:19 ===
REQUEST_METHOD: GET
Raw input: 

=== 2025-06-13 00:31:20 ===
REQUEST_METHOD: GET
Raw input: 

=== 2025-06-13 00:31:21 ===
REQUEST_METHOD: GET
Raw input: 

=== 2025-06-13 00:31:21 ===
REQUEST_METHOD: GET
Raw input: 

=== 2025-06-13 00:31:31 ===
REQUEST_METHOD: GET
Raw input: 

=== 2025-06-13 00:31:59 ===
REQUEST_METHOD: GET
Raw input: 

=== 2025-06-13 00:32:10 ===
REQUEST_METHOD: GET
Raw input: 

=== 2025-06-13 00:32:18 ===
REQUEST_METHOD: GET
Raw input: 

=== 2025-06-13 00:33:41 ===
REQUEST_METHOD: GET
Raw input: 

=== 2025-06-13 00:33:58 ===
REQUEST_METHOD: GET
Raw input: 

=== 2025-06-14 08:06:59 ===
REQUEST_METHOD: GET
Raw input: 

=== 2025-06-14 08:07:04 ===
REQUEST_METHOD: GET
Raw input: 

=== 2025-06-14 08:07:21 ===
REQUEST_METHOD: GET
Raw input: 

=== 2025-06-14 08:08:43 ===
REQUEST_METHOD: GET
Raw input: 

=== 2025-06-14 08:08:49 ===
REQUEST_METHOD: GET
Raw input: 

=== 2025-06-14 08:08:51 ===
REQUEST_METHOD: GET
Raw input: 

=== 2025-06-14 08:09:08 ===
REQUEST_METHOD: GET
Raw input: 

=== 2025-06-14 08:09:24 ===
REQUEST_METHOD: GET
Raw input: 

=== 2025-06-14 08:09:25 ===
REQUEST_METHOD: GET
Raw input: 

=== 2025-06-14 08:09:27 ===
REQUEST_METHOD: GET
Raw input: 

=== 2025-06-14 08:09:42 ===
REQUEST_METHOD: GET
Raw input: 

=== 2025-06-14 08:13:05 ===
REQUEST_METHOD: GET
Raw input: 

=== 2025-06-14 08:13:07 ===
REQUEST_METHOD: GET
Raw input: 

=== 2025-06-14 08:13:09 ===
REQUEST_METHOD: GET
Raw input: 

=== 2025-06-14 08:14:11 ===
REQUEST_METHOD: GET
Raw input: 

=== 2025-06-14 08:14:25 ===
REQUEST_METHOD: GET
Raw input: 

=== 2025-06-14 08:14:25 ===
REQUEST_METHOD: GET
Raw input: 

=== 2025-06-14 08:20:33 ===
REQUEST_METHOD: GET
Raw input: 

=== 2025-06-14 08:23:32 ===
REQUEST_METHOD: GET
Raw input: 

=== 2025-06-14 08:23:41 ===
REQUEST_METHOD: GET
Raw input: 

=== 2025-06-14 08:29:39 ===
REQUEST_METHOD: GET
Raw input: 

=== 2025-06-14 08:29:56 ===
REQUEST_METHOD: GET
Raw input: 

=== 2025-06-14 08:29:56 ===
REQUEST_METHOD: GET
Raw input: 

=== 2025-06-14 08:30:38 ===
REQUEST_METHOD: GET
Raw input: 

=== 2025-06-14 08:33:10 ===
REQUEST_METHOD: GET
Raw input: 

=== 2025-06-14 08:33:13 ===
REQUEST_METHOD: GET
Raw input: 

=== 2025-06-14 08:33:43 ===
REQUEST_METHOD: GET
Raw input: 

=== 2025-06-14 08:33:47 ===
REQUEST_METHOD: GET
Raw input: 

=== 2025-06-14 08:35:44 ===
REQUEST_METHOD: GET
Raw input: 

=== 2025-06-14 08:36:55 ===
REQUEST_METHOD: GET
Raw input: 

=== 2025-06-14 08:37:00 ===
REQUEST_METHOD: GET
Raw input: 

=== 2025-06-14 08:37:11 ===
REQUEST_METHOD: GET
Raw input: 

=== 2025-06-14 08:37:18 ===
REQUEST_METHOD: GET
Raw input: 

=== 2025-06-14 08:37:18 ===
REQUEST_METHOD: GET
Raw input: 

=== 2025-06-14 08:37:50 ===
REQUEST_METHOD: GET
Raw input: 

=== 2025-06-14 08:40:29 ===
REQUEST_METHOD: GET
Raw input: 

=== 2025-06-14 08:43:10 ===
REQUEST_METHOD: GET
Raw input: 

[2025-06-14 08:43:10] Books request received
[2025-06-14 08:43:10] Checking for books at: ../public/data/books.json
[2025-06-14 08:43:10] Checking for books at: ../data/books.json
[2025-06-14 08:43:10] Checking for books at: data/books.json
[2025-06-14 08:43:10] Checking for books at: ../public/db.json
[2025-06-14 08:43:10] Checking for books at: ../db.json
[2025-06-14 08:43:10] Found books at: ../db.json
[2025-06-14 08:43:10] Found books under 'books' key
[2025-06-14 08:43:10] Formatted 100 books
=== 2025-06-14 13:18:59 ===
REQUEST_METHOD: GET
Raw input: 

[2025-06-14 13:18:59] Books request received
[2025-06-14 13:18:59] Checking for books at: ../public/data/books.json
[2025-06-14 13:18:59] Checking for books at: ../data/books.json
[2025-06-14 13:18:59] Checking for books at: data/books.json
[2025-06-14 13:18:59] Checking for books at: ../public/db.json
[2025-06-14 13:18:59] Checking for books at: ../db.json
[2025-06-14 13:18:59] Found books at: ../db.json
[2025-06-14 13:18:59] Found books under 'books' key
[2025-06-14 13:18:59] Formatted 100 books
=== 2025-06-14 13:18:59 ===
REQUEST_METHOD: GET
Raw input: 

[2025-06-14 13:18:59] Books request received
[2025-06-14 13:18:59] Checking for books at: ../public/data/books.json
[2025-06-14 13:18:59] Checking for books at: ../data/books.json
[2025-06-14 13:18:59] Checking for books at: data/books.json
[2025-06-14 13:18:59] Checking for books at: ../public/db.json
[2025-06-14 13:18:59] Checking for books at: ../db.json
[2025-06-14 13:18:59] Found books at: ../db.json
[2025-06-14 13:18:59] Found books under 'books' key
[2025-06-14 13:18:59] Formatted 100 books
=== 2025-06-14 13:19:05 ===
REQUEST_METHOD: GET
Raw input: 

[2025-06-14 13:19:05] Books request received
[2025-06-14 13:19:05] Checking for books at: ../public/data/books.json
[2025-06-14 13:19:05] Checking for books at: ../data/books.json
[2025-06-14 13:19:05] Checking for books at: data/books.json
[2025-06-14 13:19:05] Checking for books at: ../public/db.json
[2025-06-14 13:19:05] Checking for books at: ../db.json
[2025-06-14 13:19:05] Found books at: ../db.json
[2025-06-14 13:19:05] Found books under 'books' key
[2025-06-14 13:19:05] Formatted 100 books
[2025-06-14 13:19:30] Update order item request
[2025-06-14 13:19:30] Update order item request
[2025-06-14 13:19:30] Update order item request
[2025-06-14 13:19:31] Update order item request
[2025-06-14 13:19:32] Update order item request
[2025-06-14 13:19:32] Update order item request
[2025-06-14 13:19:32] Update order item request
[2025-06-14 13:19:33] Update order item request
[2025-06-14 13:19:34] Update order item request
[2025-06-14 13:19:34] Update order item request
[2025-06-14 13:19:34] Update order item request
[2025-06-14 13:19:35] Update order item request
[2025-06-14 13:19:35] Update order item request
[2025-06-14 13:19:35] Update order item request
[2025-06-14 13:19:35] Update order item request
[2025-06-14 13:19:37] Update order item request
[2025-06-14 13:19:37] Update order item request
[2025-06-14 13:19:37] Update order item request
[2025-06-14 13:19:37] Update order item request
[2025-06-14 13:19:38] Update order item request
[2025-06-14 13:19:38] Update order item request
[2025-06-14 13:19:38] Update order item request
[2025-06-14 13:19:38] Update order item request
=== 2025-06-14 13:24:04 ===
REQUEST_METHOD: GET
Raw input: 

[2025-06-14 13:24:04] Books request received
[2025-06-14 13:24:04] Checking for books at: ../public/data/books.json
[2025-06-14 13:24:04] Checking for books at: ../data/books.json
[2025-06-14 13:24:04] Checking for books at: data/books.json
[2025-06-14 13:24:04] Checking for books at: ../public/db.json
[2025-06-14 13:24:04] Checking for books at: ../db.json
[2025-06-14 13:24:04] Found books at: ../db.json
[2025-06-14 13:24:04] Found books under 'books' key
[2025-06-14 13:24:04] Formatted 100 books
=== 2025-06-14 13:40:43 ===
REQUEST_METHOD: GET
Raw input: 

[2025-06-14 13:40:43] Books request received
[2025-06-14 13:40:43] Checking for books at: ../public/data/books.json
[2025-06-14 13:40:43] Checking for books at: ../data/books.json
[2025-06-14 13:40:43] Checking for books at: data/books.json
[2025-06-14 13:40:43] Checking for books at: ../public/db.json
[2025-06-14 13:40:43] Checking for books at: ../db.json
[2025-06-14 13:40:43] Found books at: ../db.json
[2025-06-14 13:40:43] Found books under 'books' key
[2025-06-14 13:40:43] Formatted 100 books
=== 2025-06-14 13:41:06 ===
REQUEST_METHOD: GET
Raw input: 

[2025-06-14 13:41:06] Books request received
[2025-06-14 13:41:06] Checking for books at: ../public/data/books.json
[2025-06-14 13:41:06] Checking for books at: ../data/books.json
[2025-06-14 13:41:06] Checking for books at: data/books.json
[2025-06-14 13:41:06] Checking for books at: ../public/db.json
[2025-06-14 13:41:06] Checking for books at: ../db.json
[2025-06-14 13:41:06] Found books at: ../db.json
[2025-06-14 13:41:06] Found books under 'books' key
[2025-06-14 13:41:06] Formatted 100 books
=== 2025-06-14 13:41:29 ===
REQUEST_METHOD: GET
Raw input: 

[2025-06-14 13:41:29] Books request received
[2025-06-14 13:41:29] Checking for books at: ../public/data/books.json
[2025-06-14 13:41:29] Checking for books at: ../data/books.json
[2025-06-14 13:41:29] Checking for books at: data/books.json
[2025-06-14 13:41:29] Checking for books at: ../public/db.json
[2025-06-14 13:41:29] Checking for books at: ../db.json
[2025-06-14 13:41:29] Found books at: ../db.json
[2025-06-14 13:41:29] Found books under 'books' key
[2025-06-14 13:41:29] Formatted 100 books
=== 2025-06-14 13:49:46 ===
REQUEST_METHOD: GET
Raw input: 

[2025-06-14 13:49:46] Books request received
[2025-06-14 13:49:46] Checking for books at: ../public/data/books.json
[2025-06-14 13:49:46] Checking for books at: ../data/books.json
[2025-06-14 13:49:46] Checking for books at: data/books.json
[2025-06-14 13:49:46] Checking for books at: ../public/db.json
[2025-06-14 13:49:46] Checking for books at: ../db.json
[2025-06-14 13:49:46] Found books at: ../db.json
[2025-06-14 13:49:46] Found books under 'books' key
[2025-06-14 13:49:46] Formatted 100 books
=== 2025-06-14 13:50:27 ===
REQUEST_METHOD: GET
Raw input: 

[2025-06-14 13:50:27] Books request received
[2025-06-14 13:50:27] Checking for books at: ../public/data/books.json
[2025-06-14 13:50:27] Checking for books at: ../data/books.json
[2025-06-14 13:50:27] Checking for books at: data/books.json
[2025-06-14 13:50:27] Checking for books at: ../public/db.json
[2025-06-14 13:50:27] Checking for books at: ../db.json
[2025-06-14 13:50:27] Found books at: ../db.json
[2025-06-14 13:50:27] Found books under 'books' key
[2025-06-14 13:50:27] Formatted 100 books
=== 2025-06-14 13:50:31 ===
REQUEST_METHOD: GET
Raw input: 

[2025-06-14 13:50:31] Books request received
[2025-06-14 13:50:31] Checking for books at: ../public/data/books.json
[2025-06-14 13:50:31] Checking for books at: ../data/books.json
[2025-06-14 13:50:31] Checking for books at: data/books.json
[2025-06-14 13:50:31] Checking for books at: ../public/db.json
[2025-06-14 13:50:31] Checking for books at: ../db.json
[2025-06-14 13:50:31] Found books at: ../db.json
[2025-06-14 13:50:31] Found books under 'books' key
[2025-06-14 13:50:31] Formatted 100 books
=== 2025-06-14 13:52:16 ===
REQUEST_METHOD: GET
Raw input: 

[2025-06-14 13:52:16] Books request received
[2025-06-14 13:52:16] Checking for books at: ../public/data/books.json
[2025-06-14 13:52:16] Checking for books at: ../data/books.json
[2025-06-14 13:52:16] Checking for books at: data/books.json
[2025-06-14 13:52:16] Checking for books at: ../public/db.json
[2025-06-14 13:52:16] Checking for books at: ../db.json
[2025-06-14 13:52:16] Found books at: ../db.json
[2025-06-14 13:52:16] Found books under 'books' key
[2025-06-14 13:52:16] Formatted 100 books
=== 2025-06-14 13:52:37 ===
REQUEST_METHOD: GET
Raw input: 

[2025-06-14 13:52:37] Books request received
[2025-06-14 13:52:37] Checking for books at: ../public/data/books.json
[2025-06-14 13:52:37] Checking for books at: ../data/books.json
[2025-06-14 13:52:37] Checking for books at: data/books.json
[2025-06-14 13:52:37] Checking for books at: ../public/db.json
[2025-06-14 13:52:37] Checking for books at: ../db.json
[2025-06-14 13:52:37] Found books at: ../db.json
[2025-06-14 13:52:37] Found books under 'books' key
[2025-06-14 13:52:37] Formatted 100 books
=== 2025-06-14 13:52:38 ===
REQUEST_METHOD: GET
Raw input: 

[2025-06-14 13:52:38] Books request received
[2025-06-14 13:52:38] Checking for books at: ../public/data/books.json
[2025-06-14 13:52:38] Checking for books at: ../data/books.json
[2025-06-14 13:52:38] Checking for books at: data/books.json
[2025-06-14 13:52:38] Checking for books at: ../public/db.json
[2025-06-14 13:52:38] Checking for books at: ../db.json
[2025-06-14 13:52:38] Found books at: ../db.json
[2025-06-14 13:52:38] Found books under 'books' key
[2025-06-14 13:52:38] Formatted 100 books
=== 2025-06-14 13:52:44 ===
REQUEST_METHOD: GET
Raw input: 

[2025-06-14 13:52:44] Books request received
[2025-06-14 13:52:44] Checking for books at: ../public/data/books.json
[2025-06-14 13:52:44] Checking for books at: ../data/books.json
[2025-06-14 13:52:44] Checking for books at: data/books.json
[2025-06-14 13:52:44] Checking for books at: ../public/db.json
[2025-06-14 13:52:44] Checking for books at: ../db.json
[2025-06-14 13:52:44] Found books at: ../db.json
[2025-06-14 13:52:44] Found books under 'books' key
[2025-06-14 13:52:44] Formatted 100 books
=== 2025-06-14 13:54:31 ===
REQUEST_METHOD: GET
Raw input: 

[2025-06-14 13:54:31] Books request received
[2025-06-14 13:54:31] Checking for books at: ../public/data/books.json
[2025-06-14 13:54:31] Checking for books at: ../data/books.json
[2025-06-14 13:54:31] Checking for books at: data/books.json
[2025-06-14 13:54:31] Checking for books at: ../public/db.json
[2025-06-14 13:54:31] Checking for books at: ../db.json
[2025-06-14 13:54:31] Found books at: ../db.json
[2025-06-14 13:54:31] Found books under 'books' key
[2025-06-14 13:54:31] Formatted 100 books
=== 2025-06-14 13:54:42 ===
REQUEST_METHOD: GET
Raw input: 

[2025-06-14 13:54:42] Books request received
[2025-06-14 13:54:42] Checking for books at: ../public/data/books.json
[2025-06-14 13:54:42] Checking for books at: ../data/books.json
[2025-06-14 13:54:42] Checking for books at: data/books.json
[2025-06-14 13:54:42] Checking for books at: ../public/db.json
[2025-06-14 13:54:42] Checking for books at: ../db.json
[2025-06-14 13:54:42] Found books at: ../db.json
[2025-06-14 13:54:42] Found books under 'books' key
[2025-06-14 13:54:42] Formatted 100 books
=== 2025-06-14 13:54:43 ===
REQUEST_METHOD: GET
Raw input: 

[2025-06-14 13:54:43] Books request received
[2025-06-14 13:54:43] Checking for books at: ../public/data/books.json
[2025-06-14 13:54:43] Checking for books at: ../data/books.json
[2025-06-14 13:54:43] Checking for books at: data/books.json
[2025-06-14 13:54:43] Checking for books at: ../public/db.json
[2025-06-14 13:54:43] Checking for books at: ../db.json
[2025-06-14 13:54:43] Found books at: ../db.json
[2025-06-14 13:54:43] Found books under 'books' key
[2025-06-14 13:54:43] Formatted 100 books
=== 2025-06-14 13:55:25 ===
REQUEST_METHOD: GET
Raw input: 

[2025-06-14 13:55:25] Books request received
[2025-06-14 13:55:25] Checking for books at: ../public/data/books.json
[2025-06-14 13:55:25] Checking for books at: ../data/books.json
[2025-06-14 13:55:25] Checking for books at: data/books.json
[2025-06-14 13:55:25] Checking for books at: ../public/db.json
[2025-06-14 13:55:25] Checking for books at: ../db.json
[2025-06-14 13:55:25] Found books at: ../db.json
[2025-06-14 13:55:25] Found books under 'books' key
[2025-06-14 13:55:25] Formatted 100 books
=== 2025-06-14 13:55:43 ===
REQUEST_METHOD: GET
Raw input: 

[2025-06-14 13:55:43] Books request received
[2025-06-14 13:55:43] Checking for books at: ../public/data/books.json
[2025-06-14 13:55:43] Checking for books at: ../data/books.json
[2025-06-14 13:55:43] Checking for books at: data/books.json
[2025-06-14 13:55:43] Checking for books at: ../public/db.json
[2025-06-14 13:55:43] Checking for books at: ../db.json
[2025-06-14 13:55:43] Found books at: ../db.json
[2025-06-14 13:55:43] Found books under 'books' key
[2025-06-14 13:55:43] Formatted 100 books
=== 2025-06-14 13:56:24 ===
REQUEST_METHOD: GET
Raw input: 

[2025-06-14 13:56:24] Books request received
[2025-06-14 13:56:24] Checking for books at: ../public/data/books.json
[2025-06-14 13:56:24] Checking for books at: ../data/books.json
[2025-06-14 13:56:24] Checking for books at: data/books.json
[2025-06-14 13:56:24] Checking for books at: ../public/db.json
[2025-06-14 13:56:24] Checking for books at: ../db.json
[2025-06-14 13:56:24] Found books at: ../db.json
[2025-06-14 13:56:24] Found books under 'books' key
[2025-06-14 13:56:24] Formatted 100 books
=== 2025-06-14 13:56:24 ===
REQUEST_METHOD: GET
Raw input: 

[2025-06-14 13:56:24] Books request received
[2025-06-14 13:56:24] Checking for books at: ../public/data/books.json
[2025-06-14 13:56:24] Checking for books at: ../data/books.json
[2025-06-14 13:56:24] Checking for books at: data/books.json
[2025-06-14 13:56:24] Checking for books at: ../public/db.json
[2025-06-14 13:56:24] Checking for books at: ../db.json
[2025-06-14 13:56:24] Found books at: ../db.json
[2025-06-14 13:56:24] Found books under 'books' key
[2025-06-14 13:56:24] Formatted 100 books
=== 2025-06-14 13:56:55 ===
REQUEST_METHOD: GET
Raw input: 

[2025-06-14 13:56:55] Books request received
[2025-06-14 13:56:55] Checking for books at: ../public/data/books.json
[2025-06-14 13:56:55] Checking for books at: ../data/books.json
[2025-06-14 13:56:55] Checking for books at: data/books.json
[2025-06-14 13:56:55] Checking for books at: ../public/db.json
[2025-06-14 13:56:55] Checking for books at: ../db.json
[2025-06-14 13:56:55] Found books at: ../db.json
[2025-06-14 13:56:55] Found books under 'books' key
[2025-06-14 13:56:55] Formatted 100 books
=== 2025-06-14 13:56:55 ===
REQUEST_METHOD: GET
Raw input: 

[2025-06-14 13:56:55] Books request received
[2025-06-14 13:56:55] Checking for books at: ../public/data/books.json
[2025-06-14 13:56:55] Checking for books at: ../data/books.json
[2025-06-14 13:56:55] Checking for books at: data/books.json
[2025-06-14 13:56:55] Checking for books at: ../public/db.json
[2025-06-14 13:56:55] Checking for books at: ../db.json
[2025-06-14 13:56:55] Found books at: ../db.json
[2025-06-14 13:56:55] Found books under 'books' key
[2025-06-14 13:56:55] Formatted 100 books
=== 2025-06-14 13:58:13 ===
REQUEST_METHOD: GET
Raw input: 

[2025-06-14 13:58:13] Books request received
[2025-06-14 13:58:13] Checking for books at: ../public/data/books.json
[2025-06-14 13:58:13] Checking for books at: ../data/books.json
[2025-06-14 13:58:13] Checking for books at: data/books.json
[2025-06-14 13:58:13] Checking for books at: ../public/db.json
[2025-06-14 13:58:13] Checking for books at: ../db.json
[2025-06-14 13:58:13] Found books at: ../db.json
[2025-06-14 13:58:13] Found books under 'books' key
[2025-06-14 13:58:13] Formatted 100 books
=== 2025-06-14 13:58:39 ===
REQUEST_METHOD: GET
Raw input: 

=== 2025-06-14 13:58:39 ===
REQUEST_METHOD: GET
Raw input: 

[2025-06-14 13:58:39] Books request received
[2025-06-14 13:58:39] Checking for books at: ../public/data/books.json
[2025-06-14 13:58:39] Checking for books at: ../data/books.json
[2025-06-14 13:58:39] Checking for books at: data/books.json
[2025-06-14 13:58:39] Checking for books at: ../public/db.json
[2025-06-14 13:58:39] Checking for books at: ../db.json
[2025-06-14 13:58:39] Found books at: ../db.json
[2025-06-14 13:58:39] Found books under 'books' key
[2025-06-14 13:58:39] Formatted 100 books
=== 2025-06-14 13:58:39 ===
REQUEST_METHOD: GET
Raw input: 

[2025-06-14 13:58:39] Books request received
[2025-06-14 13:58:39] Checking for books at: ../public/data/books.json
[2025-06-14 13:58:39] Checking for books at: ../data/books.json
[2025-06-14 13:58:39] Checking for books at: data/books.json
[2025-06-14 13:58:39] Checking for books at: ../public/db.json
[2025-06-14 13:58:39] Checking for books at: ../db.json
[2025-06-14 13:58:39] Found books at: ../db.json
[2025-06-14 13:58:39] Found books under 'books' key
[2025-06-14 13:58:39] Formatted 100 books
=== 2025-06-14 13:58:39 ===
REQUEST_METHOD: GET
Raw input: 

[2025-06-14 13:58:39] Books request received
[2025-06-14 13:58:39] Checking for books at: ../public/data/books.json
[2025-06-14 13:58:39] Checking for books at: ../data/books.json
[2025-06-14 13:58:39] Checking for books at: data/books.json
[2025-06-14 13:58:39] Checking for books at: ../public/db.json
[2025-06-14 13:58:39] Checking for books at: ../db.json
[2025-06-14 13:58:39] Found books at: ../db.json
[2025-06-14 13:58:39] Found books under 'books' key
[2025-06-14 13:58:39] Formatted 100 books
[2025-06-14 13:58:39] Books request received
[2025-06-14 13:58:39] Checking for books at: ../public/data/books.json
[2025-06-14 13:58:39] Checking for books at: ../data/books.json
[2025-06-14 13:58:39] Checking for books at: data/books.json
[2025-06-14 13:58:39] Checking for books at: ../public/db.json
[2025-06-14 13:58:39] Checking for books at: ../db.json
[2025-06-14 13:58:39] Found books at: ../db.json
[2025-06-14 13:58:39] Found books under 'books' key
[2025-06-14 13:58:39] Formatted 100 books
=== 2025-06-14 13:58:43 ===
REQUEST_METHOD: GET
Raw input: 

=== 2025-06-14 13:58:43 ===
REQUEST_METHOD: GET
Raw input: 

[2025-06-14 13:58:43] Books request received
[2025-06-14 13:58:43] Checking for books at: ../public/data/books.json
[2025-06-14 13:58:43] Checking for books at: ../public/data/books.json
[2025-06-14 13:58:43] Checking for books at: ../data/books.json
[2025-06-14 13:58:43] Checking for books at: ../data/books.json
[2025-06-14 13:58:43] Checking for books at: data/books.json
[2025-06-14 13:58:43] Checking for books at: data/books.json
[2025-06-14 13:58:43] Checking for books at: ../public/db.json
[2025-06-14 13:58:43] Checking for books at: ../public/db.json
[2025-06-14 13:58:43] Checking for books at: ../db.json
[2025-06-14 13:58:43] Checking for books at: ../db.json
[2025-06-14 13:58:43] Found books at: ../db.json
[2025-06-14 13:58:43] Found books at: ../db.json
[2025-06-14 13:58:43] Found books under 'books' key
[2025-06-14 13:58:43] Found books under 'books' key
[2025-06-14 13:58:43] Formatted 100 books
[2025-06-14 13:58:43] Formatted 100 books
=== 2025-06-14 13:58:45 ===
REQUEST_METHOD: GET
Raw input: 

[2025-06-14 13:58:45] Books request received
[2025-06-14 13:58:45] Checking for books at: ../public/data/books.json
[2025-06-14 13:58:45] Checking for books at: ../data/books.json
[2025-06-14 13:58:45] Checking for books at: data/books.json
[2025-06-14 13:58:45] Checking for books at: ../public/db.json
[2025-06-14 13:58:45] Checking for books at: ../db.json
[2025-06-14 13:58:45] Found books at: ../db.json
[2025-06-14 13:58:45] Found books under 'books' key
[2025-06-14 13:58:45] Formatted 100 books
=== 2025-06-14 13:58:57 ===
REQUEST_METHOD: GET
Raw input: 

[2025-06-14 13:58:57] Books request received
[2025-06-14 13:58:57] Checking for books at: ../public/data/books.json
[2025-06-14 13:58:57] Checking for books at: ../data/books.json
[2025-06-14 13:58:57] Checking for books at: data/books.json
[2025-06-14 13:58:57] Checking for books at: ../public/db.json
[2025-06-14 13:58:57] Checking for books at: ../db.json
[2025-06-14 13:58:57] Found books at: ../db.json
[2025-06-14 13:58:57] Found books under 'books' key
[2025-06-14 13:58:57] Formatted 100 books
[2025-06-14 13:59:04] Books request received
[2025-06-14 13:59:04] Checking for books at: ../public/data/books.json
[2025-06-14 13:59:04] Checking for books at: ../data/books.json
[2025-06-14 13:59:04] Checking for books at: data/books.json
[2025-06-14 13:59:04] Checking for books at: ../public/db.json
[2025-06-14 13:59:04] Checking for books at: ../db.json
[2025-06-14 13:59:04] Found books at: ../db.json
[2025-06-14 13:59:04] Found books under 'books' key
[2025-06-14 13:59:04] Formatted 100 books
[2025-06-14 13:59:42] Books request received
[2025-06-14 13:59:42] Checking for books at: ../public/data/books.json
[2025-06-14 13:59:42] Checking for books at: ../data/books.json
[2025-06-14 13:59:42] Checking for books at: data/books.json
[2025-06-14 13:59:42] Checking for books at: ../public/db.json
[2025-06-14 13:59:42] Checking for books at: ../db.json
[2025-06-14 13:59:42] Found books at: ../db.json
[2025-06-14 13:59:42] Found books under 'books' key
[2025-06-14 13:59:42] Formatted 100 books
[2025-06-14 14:00:01] Books request received
[2025-06-14 14:00:01] Checking for books at: ../public/data/books.json
[2025-06-14 14:00:01] Checking for books at: ../data/books.json
[2025-06-14 14:00:01] Checking for books at: data/books.json
[2025-06-14 14:00:01] Checking for books at: ../public/db.json
[2025-06-14 14:00:01] Checking for books at: ../db.json
[2025-06-14 14:00:01] Found books at: ../db.json
[2025-06-14 14:00:01] Found books under 'books' key
[2025-06-14 14:00:01] Formatted 100 books
=== 2025-06-14 14:00:02 ===
REQUEST_METHOD: GET
Raw input: 

[2025-06-14 14:00:02] Books request received
[2025-06-14 14:00:02] Checking for books at: ../public/data/books.json
[2025-06-14 14:00:02] Checking for books at: ../data/books.json
[2025-06-14 14:00:02] Checking for books at: data/books.json
[2025-06-14 14:00:02] Checking for books at: ../public/db.json
[2025-06-14 14:00:02] Checking for books at: ../db.json
[2025-06-14 14:00:02] Found books at: ../db.json
[2025-06-14 14:00:02] Found books under 'books' key
[2025-06-14 14:00:02] Formatted 100 books
=== 2025-06-14 14:00:04 ===
REQUEST_METHOD: GET
Raw input: 

[2025-06-14 14:00:04] Books request received
[2025-06-14 14:00:04] Checking for books at: ../public/data/books.json
[2025-06-14 14:00:04] Checking for books at: ../data/books.json
[2025-06-14 14:00:04] Checking for books at: data/books.json
[2025-06-14 14:00:04] Checking for books at: ../public/db.json
[2025-06-14 14:00:04] Checking for books at: ../db.json
[2025-06-14 14:00:04] Found books at: ../db.json
[2025-06-14 14:00:04] Found books under 'books' key
[2025-06-14 14:00:04] Formatted 100 books
[2025-06-14 14:00:05] Books request received
[2025-06-14 14:00:05] Checking for books at: ../public/data/books.json
[2025-06-14 14:00:05] Checking for books at: ../data/books.json
[2025-06-14 14:00:05] Checking for books at: data/books.json
[2025-06-14 14:00:05] Checking for books at: ../public/db.json
[2025-06-14 14:00:05] Checking for books at: ../db.json
[2025-06-14 14:00:05] Found books at: ../db.json
[2025-06-14 14:00:05] Found books under 'books' key
[2025-06-14 14:00:05] Formatted 100 books
[2025-06-14 14:01:12] Books request received
[2025-06-14 14:01:12] Checking for books at: ../public/data/books.json
[2025-06-14 14:01:12] Checking for books at: ../data/books.json
[2025-06-14 14:01:12] Checking for books at: data/books.json
[2025-06-14 14:01:12] Checking for books at: ../public/db.json
[2025-06-14 14:01:12] Checking for books at: ../db.json
[2025-06-14 14:01:12] Found books at: ../db.json
[2025-06-14 14:01:12] Found books under 'books' key
[2025-06-14 14:01:12] Formatted 100 books
=== 2025-06-14 14:01:12 ===
REQUEST_METHOD: GET
Raw input: 

[2025-06-14 14:01:12] Books request received
[2025-06-14 14:01:12] Checking for books at: ../public/data/books.json
[2025-06-14 14:01:12] Checking for books at: ../data/books.json
[2025-06-14 14:01:12] Checking for books at: data/books.json
[2025-06-14 14:01:12] Checking for books at: ../public/db.json
[2025-06-14 14:01:12] Checking for books at: ../db.json
[2025-06-14 14:01:12] Found books at: ../db.json
[2025-06-14 14:01:12] Found books under 'books' key
[2025-06-14 14:01:12] Formatted 100 books
=== 2025-06-14 14:01:45 ===
REQUEST_METHOD: GET
Raw input: 

=== 2025-06-14 14:05:14 ===
REQUEST_METHOD: GET
Raw input: 

=== 2025-06-14 14:05:36 ===
REQUEST_METHOD: GET
Raw input: 

=== 2025-06-14 14:06:13 ===
REQUEST_METHOD: GET
Raw input: 

=== 2025-06-14 14:06:21 ===
REQUEST_METHOD: GET
Raw input: 

=== 2025-06-14 14:06:25 ===
REQUEST_METHOD: GET
Raw input: 

=== 2025-06-14 14:10:57 ===
REQUEST_METHOD: GET
Raw input: 

=== 2025-06-14 14:10:57 ===
REQUEST_METHOD: GET
Raw input: 

=== 2025-06-14 14:11:26 ===
REQUEST_METHOD: GET
Raw input: 

=== 2025-06-14 14:11:26 ===
REQUEST_METHOD: GET
Raw input: 

=== 2025-06-14 14:11:42 ===
REQUEST_METHOD: GET
Raw input: 

=== 2025-06-14 14:11:42 ===
REQUEST_METHOD: GET
Raw input: 

=== 2025-06-14 14:11:42 ===
REQUEST_METHOD: GET
Raw input: 

=== 2025-06-14 14:11:42 ===
REQUEST_METHOD: GET
Raw input: 

=== 2025-06-14 14:11:43 ===
REQUEST_METHOD: GET
Raw input: 

=== 2025-06-14 14:12:51 ===
REQUEST_METHOD: GET
Raw input: 

=== 2025-06-14 14:12:51 ===
REQUEST_METHOD: GET
Raw input: 

=== 2025-06-14 14:16:33 ===
REQUEST_METHOD: GET
Raw input: 

=== 2025-06-14 14:16:33 ===
REQUEST_METHOD: GET
Raw input: 

=== 2025-06-14 14:16:45 ===
REQUEST_METHOD: GET
Raw input: 

=== 2025-06-14 14:19:20 ===
REQUEST_METHOD: GET
Raw input: 

=== 2025-06-14 14:19:20 ===
REQUEST_METHOD: GET
Raw input: 

=== 2025-06-14 14:19:21 ===
REQUEST_METHOD: GET
Raw input: 

=== 2025-06-14 14:22:44 ===
REQUEST_METHOD: GET
Raw input: 

=== 2025-06-14 14:22:44 ===
REQUEST_METHOD: GET
Raw input: 

=== 2025-06-14 14:22:49 ===
REQUEST_METHOD: GET
Raw input: 

=== 2025-06-14 14:22:49 ===
REQUEST_METHOD: GET
Raw input: 

=== 2025-06-14 14:24:22 ===
REQUEST_METHOD: GET
Raw input: 

=== 2025-06-14 14:24:26 ===
REQUEST_METHOD: GET
Raw input: 

=== 2025-06-14 14:26:28 ===
REQUEST_METHOD: GET
Raw input: 

=== 2025-06-14 14:28:33 ===
REQUEST_METHOD: GET
Raw input: 

=== 2025-06-14 14:30:24 ===
REQUEST_METHOD: GET
Raw input: 

=== 2025-06-14 14:36:44 ===
REQUEST_METHOD: GET
Raw input: 

=== 2025-06-14 14:39:24 ===
REQUEST_METHOD: GET
Raw input: 

=== 2025-06-14 14:43:55 ===
REQUEST_METHOD: GET
Raw input: 

=== 2025-06-14 14:43:55 ===
REQUEST_METHOD: GET
Raw input: 

=== 2025-06-14 14:47:06 ===
REQUEST_METHOD: GET
Raw input: 

=== 2025-06-14 14:47:06 ===
REQUEST_METHOD: GET
Raw input: 

=== 2025-06-14 14:47:15 ===
REQUEST_METHOD: GET
Raw input: 

=== 2025-06-14 14:50:19 ===
REQUEST_METHOD: GET
Raw input: 

=== 2025-06-14 14:50:39 ===
REQUEST_METHOD: GET
Raw input: 

=== 2025-06-14 14:52:18 ===
REQUEST_METHOD: GET
Raw input: 

=== 2025-06-14 14:52:30 ===
REQUEST_METHOD: GET
Raw input: 

=== 2025-06-14 14:53:02 ===
REQUEST_METHOD: GET
Raw input: 

